2026-09-18 14:47:16.908   Log opened. (Time zone: UTC+03:00)
2026-09-18 14:47:16.909   Setup version: Inno Setup version 6.4.3
2026-09-18 14:47:16.909   Original Setup EXE: D:\Notepad_REq\Bareline_Product_Blueprint\Bareline-Editor\dist\windows\0.1.0-full-round-final-20260918\bareline-0.1.0-windows-x64-setup.exe
2026-09-18 14:47:16.909   Setup command line: /SL5="$1701974,4161011,824832,D:\Notepad_REq\Bareline_Product_Blueprint\Bareline-Editor\dist\windows\0.1.0-full-round-final-20260918\bareline-0.1.0-windows-x64-setup.exe" /SP- /VERYSILENT /SUPPRESSMSGBOXES /NORESTART /CURRENTUSER /NOCLOSEAPPLICATIONS /NORESTARTAPPLICATIONS /TASKS="" /DIR="C:\Users\Woovee\AppData\Local\Programs\Bareline" /LOG="D:\Notepad_REq\Bareline_Product_Blueprint\Bareline-Editor\target\qualification\full-round-20260918\installer-final.log" /SAVEINF="D:\Notepad_REq\Bareline_Product_Blueprint\Bareline-Editor\target\qualification\full-round-20260918\installer-final-settings.inf"
2026-09-18 14:47:16.918   Compatibility mode: Yes (DetectorsAppHealth)
2026-09-18 14:47:16.918   Windows version: 10.0.26200
2026-09-18 14:47:16.918   Windows architecture: x64 (64-bit)
2026-09-18 14:47:16.918   Machine types supported by system: x86 x64
2026-09-18 14:47:16.918   User privileges: None
2026-09-18 14:47:16.919   Administrative install mode: No
2026-09-18 14:47:16.919   Install mode root key: HKEY_CURRENT_USER
2026-09-18 14:47:16.919   64-bit install mode: Yes
2026-09-18 14:47:16.919   Created temporary directory: C:\Users\Woovee\AppData\Local\Temp\is-G0DTU.tmp
2026-09-18 14:47:17.068   Starting the installation process.
2026-09-18 14:47:17.070   Directory for uninstall files: C:\Users\Woovee\AppData\Local\Programs\Bareline
2026-09-18 14:47:17.071   Will append to existing uninstall log: C:\Users\Woovee\AppData\Local\Programs\Bareline\unins000.dat
2026-09-18 14:47:17.073   -- File entry --
2026-09-18 14:47:17.073   Dest filename: C:\Users\Woovee\AppData\Local\Programs\Bareline\unins000.exe
2026-09-18 14:47:17.073   Non-default bitness: 32-bit
2026-09-18 14:47:17.076   Time stamp of our file: 2026-09-18 14:47:16.733
2026-09-18 14:47:17.076   Dest file exists.
2026-09-18 14:47:17.076   Time stamp of existing file: 2026-09-18 14:23:44.380
2026-09-18 14:47:17.076   Version of our file: 51.1052.0.0
2026-09-18 14:47:17.078   Version of existing file: 51.1052.0.0
2026-09-18 14:47:17.078   Installing the file.
2026-09-18 14:47:17.084   Leaving temporary file in place for now.
2026-09-18 14:47:17.084   -- File entry --
2026-09-18 14:47:17.084   Dest filename: C:\Users\Woovee\AppData\Local\Programs\Bareline\bareline.exe
2026-09-18 14:47:17.084   Time stamp of our file: 2026-09-18 14:41:18.000
2026-09-18 14:47:17.084   Dest file exists.
2026-09-18 14:47:17.084   Time stamp of existing file: 2026-09-18 14:17:32.000
2026-09-18 14:47:17.084   Installing the file.
2026-09-18 14:47:17.343   Successfully installed the file.
2026-09-18 14:47:17.343   -- File entry --
2026-09-18 14:47:17.343   Dest filename: C:\Users\Woovee\AppData\Local\Programs\Bareline\LICENSE
2026-09-18 14:47:17.343   Time stamp of our file: 2026-09-06 09:09:20.000
2026-09-18 14:47:17.343   Dest file exists.
2026-09-18 14:47:17.343   Time stamp of existing file: 2026-09-06 09:09:20.000
2026-09-18 14:47:17.343   Installing the file.
2026-09-18 14:47:17.345   Successfully installed the file.
2026-09-18 14:47:17.345   -- File entry --
2026-09-18 14:47:17.345   Dest filename: C:\Users\Woovee\AppData\Local\Programs\Bareline\THIRD-PARTY-NOTICES.md
2026-09-18 14:47:17.345   Time stamp of our file: 2026-09-18 14:41:24.000
2026-09-18 14:47:17.345   Dest file exists.
2026-09-18 14:47:17.345   Time stamp of existing file: 2026-09-18 14:17:56.000
2026-09-18 14:47:17.345   Installing the file.
2026-09-18 14:47:17.355   Successfully installed the file.
2026-09-18 14:47:17.355   -- File entry --
2026-09-18 14:47:17.355   Dest filename: C:\Users\Woovee\AppData\Local\Programs\Bareline\SBOM.json
2026-09-18 14:47:17.355   Time stamp of our file: 2026-09-18 14:41:26.000
2026-09-18 14:47:17.355   Dest file exists.
2026-09-18 14:47:17.355   Time stamp of existing file: 2026-09-18 14:18:00.000
2026-09-18 14:47:17.355   Installing the file.
2026-09-18 14:47:17.359   Successfully installed the file.
2026-09-18 14:47:17.359   -- File entry --
2026-09-18 14:47:17.359   Dest filename: C:\Users\Woovee\AppData\Local\Programs\Bareline\bareline-update-helper.exe
2026-09-18 14:47:17.359   Time stamp of our file: 2026-09-18 14:12:06.000
2026-09-18 14:47:17.359   Dest file exists.
2026-09-18 14:47:17.359   Time stamp of existing file: 2026-09-18 14:12:06.000
2026-09-18 14:47:17.359   Installing the file.
2026-09-18 14:47:17.363   Successfully installed the file.
2026-09-18 14:47:17.364   -- Icon entry --
2026-09-18 14:47:17.364   Dest filename: C:\Users\Woovee\AppData\Roaming\Microsoft\Windows\Start Menu\Programs\Bareline\Bareline.lnk
2026-09-18 14:47:17.364   Creating the icon.
2026-09-18 14:47:17.430   Successfully created the icon.
2026-09-18 14:47:17.453   Saving uninstall information.
2026-09-18 14:47:17.453   Renaming uninstaller.
2026-09-18 14:47:17.454   Deleting uninstall key left over from previous non administrative install.
2026-09-18 14:47:17.455   Creating new uninstall key: HKEY_CURRENT_USER\Software\Microsoft\Windows\CurrentVersion\Uninstall\{B91880A1-9E41-4868-B472-DF08FD48B7E4}_is1
2026-09-18 14:47:17.455   Writing uninstall key values.
2026-09-18 14:47:17.456   Detected previous administrative 64-bit install? No
2026-09-18 14:47:17.456   Detected previous administrative 32-bit install? No
2026-09-18 14:47:17.459   Installation process succeeded.
2026-09-18 14:47:17.459   Need to restart Windows? No
2026-09-18 14:47:17.463   Deinitializing Setup.
2026-09-18 14:47:17.473   Log closed.
