2026-09-18 14:23:44.671   Log opened. (Time zone: UTC+03:00)
2026-09-18 14:23:44.672   Setup version: Inno Setup version 6.4.3
2026-09-18 14:23:44.672   Original Setup EXE: D:\Notepad_REq\Bareline_Product_Blueprint\Bareline-Editor\dist\windows\0.1.0-full-round-20260918\bareline-0.1.0-windows-x64-setup.exe
2026-09-18 14:23:44.672   Setup command line: /SL5="$1551CC0,4160835,824832,D:\Notepad_REq\Bareline_Product_Blueprint\Bareline-Editor\dist\windows\0.1.0-full-round-20260918\bareline-0.1.0-windows-x64-setup.exe" /SP- /VERYSILENT /SUPPRESSMSGBOXES /NORESTART /CURRENTUSER /NOCLOSEAPPLICATIONS /NORESTARTAPPLICATIONS /TASKS="" /DIR="C:\Users\Woovee\AppData\Local\Programs\Bareline" /LOG="D:\Notepad_REq\Bareline_Product_Blueprint\Bareline-Editor\target\qualification\full-round-20260918\installer.log" /SAVEINF="D:\Notepad_REq\Bareline_Product_Blueprint\Bareline-Editor\target\qualification\full-round-20260918\installer-settings.inf"
2026-09-18 14:23:44.673   Compatibility mode: Yes (DetectorsAppHealth)
2026-09-18 14:23:44.673   Windows version: 10.0.26200
2026-09-18 14:23:44.673   Windows architecture: x64 (64-bit)
2026-09-18 14:23:44.673   Machine types supported by system: x86 x64
2026-09-18 14:23:44.673   User privileges: None
2026-09-18 14:23:44.674   Administrative install mode: No
2026-09-18 14:23:44.674   Install mode root key: HKEY_CURRENT_USER
2026-09-18 14:23:44.674   64-bit install mode: Yes
2026-09-18 14:23:44.677   Created temporary directory: C:\Users\Woovee\AppData\Local\Temp\is-9PLNN.tmp
2026-09-18 14:23:45.026   Starting the installation process.
2026-09-18 14:23:45.031   Directory for uninstall files: C:\Users\Woovee\AppData\Local\Programs\Bareline
2026-09-18 14:23:45.041   Will append to existing uninstall log: C:\Users\Woovee\AppData\Local\Programs\Bareline\unins000.dat
2026-09-18 14:23:45.045   -- File entry --
2026-09-18 14:23:45.045   Dest filename: C:\Users\Woovee\AppData\Local\Programs\Bareline\unins000.exe
2026-09-18 14:23:45.045   Non-default bitness: 32-bit
2026-09-18 14:23:45.049   Time stamp of our file: 2026-09-18 14:23:44.380
2026-09-18 14:23:45.049   Dest file exists.
2026-09-18 14:23:45.049   Time stamp of existing file: 2026-09-16 21:29:00.022
2026-09-18 14:23:45.049   Version of our file: 51.1052.0.0
2026-09-18 14:23:45.160   Version of existing file: 51.1052.0.0
2026-09-18 14:23:45.160   Installing the file.
2026-09-18 14:23:45.172   Leaving temporary file in place for now.
2026-09-18 14:23:45.172   -- File entry --
2026-09-18 14:23:45.172   Dest filename: C:\Users\Woovee\AppData\Local\Programs\Bareline\bareline.exe
2026-09-18 14:23:45.172   Time stamp of our file: 2026-09-18 14:17:32.000
2026-09-18 14:23:45.172   Dest file exists.
2026-09-18 14:23:45.173   Time stamp of existing file: 2026-09-16 21:28:16.000
2026-09-18 14:23:45.173   Installing the file.
2026-09-18 14:23:45.597   Successfully installed the file.
2026-09-18 14:23:45.599   -- File entry --
2026-09-18 14:23:45.599   Dest filename: C:\Users\Woovee\AppData\Local\Programs\Bareline\LICENSE
2026-09-18 14:23:45.599   Time stamp of our file: 2026-09-06 09:09:20.000
2026-09-18 14:23:45.599   Dest file exists.
2026-09-18 14:23:45.599   Time stamp of existing file: 2026-09-06 09:09:20.000
2026-09-18 14:23:45.599   Installing the file.
2026-09-18 14:23:45.602   Successfully installed the file.
2026-09-18 14:23:45.602   -- File entry --
2026-09-18 14:23:45.602   Dest filename: C:\Users\Woovee\AppData\Local\Programs\Bareline\THIRD-PARTY-NOTICES.md
2026-09-18 14:23:45.602   Time stamp of our file: 2026-09-18 14:17:56.000
2026-09-18 14:23:45.602   Dest file exists.
2026-09-18 14:23:45.602   Time stamp of existing file: 2026-09-16 21:28:32.000
2026-09-18 14:23:45.603   Installing the file.
2026-09-18 14:23:45.617   Successfully installed the file.
2026-09-18 14:23:45.617   -- File entry --
2026-09-18 14:23:45.617   Dest filename: C:\Users\Woovee\AppData\Local\Programs\Bareline\SBOM.json
2026-09-18 14:23:45.617   Time stamp of our file: 2026-09-18 14:18:00.000
2026-09-18 14:23:45.617   Dest file exists.
2026-09-18 14:23:45.617   Time stamp of existing file: 2026-09-16 21:28:34.000
2026-09-18 14:23:45.617   Installing the file.
2026-09-18 14:23:45.622   Successfully installed the file.
2026-09-18 14:23:45.622   -- File entry --
2026-09-18 14:23:45.622   Dest filename: C:\Users\Woovee\AppData\Local\Programs\Bareline\bareline-update-helper.exe
2026-09-18 14:23:45.622   Time stamp of our file: 2026-09-18 14:12:06.000
2026-09-18 14:23:45.622   Dest file exists.
2026-09-18 14:23:45.623   Time stamp of existing file: 2026-09-16 20:54:48.000
2026-09-18 14:23:45.623   Installing the file.
2026-09-18 14:23:45.627   Successfully installed the file.
2026-09-18 14:23:45.627   -- Icon entry --
2026-09-18 14:23:45.627   Dest filename: C:\Users\Woovee\AppData\Roaming\Microsoft\Windows\Start Menu\Programs\Bareline\Bareline.lnk
2026-09-18 14:23:45.628   Creating the icon.
2026-09-18 14:23:45.801   Successfully created the icon.
2026-09-18 14:23:45.839   Saving uninstall information.
2026-09-18 14:23:45.839   Renaming uninstaller.
2026-09-18 14:23:45.841   Deleting uninstall key left over from previous non administrative install.
2026-09-18 14:23:45.841   Creating new uninstall key: HKEY_CURRENT_USER\Software\Microsoft\Windows\CurrentVersion\Uninstall\{B91880A1-9E41-4868-B472-DF08FD48B7E4}_is1
2026-09-18 14:23:45.841   Writing uninstall key values.
2026-09-18 14:23:45.843   Detected previous administrative 64-bit install? No
2026-09-18 14:23:45.843   Detected previous administrative 32-bit install? No
2026-09-18 14:23:45.853   Installation process succeeded.
2026-09-18 14:23:45.853   Need to restart Windows? No
2026-09-18 14:23:45.857   Deinitializing Setup.
2026-09-18 14:23:45.867   Log closed.
