   Compiling bareline-file-io v0.1.0 (D:\Notepad_REq\Bareline_Product_Blueprint\Bareline-Editor\crates\file-io)
   Compiling bareline-platform-windows v0.1.0 (D:\Notepad_REq\Bareline_Product_Blueprint\Bareline-Editor\crates\platform-windows)
   Compiling bareline-search v0.1.0 (D:\Notepad_REq\Bareline_Product_Blueprint\Bareline-Editor\crates\search)
   Compiling bareline-syntax v0.1.0 (D:\Notepad_REq\Bareline_Product_Blueprint\Bareline-Editor\crates\syntax)
   Compiling bareline-editor-surface v0.1.0 (D:\Notepad_REq\Bareline_Product_Blueprint\Bareline-Editor\crates\editor-surface)
   Compiling bareline-app v0.1.0 (D:\Notepad_REq\Bareline_Product_Blueprint\Bareline-Editor\crates\app)
   Compiling bareline v0.1.0 (D:\Notepad_REq\Bareline_Product_Blueprint\Bareline-Editor\apps\bareline)
error[E0308]: mismatched types
    --> apps\bareline\src\windows_app.rs:3955:26
     |
3955 |                 if id == "editor.indent"
     |                    --    ^^^^^^^^^^^^^^^ expected `CommandId`, found `&str`
     |                    |
     |                    expected because this is `bareline_commands::CommandId`
     |
help: try wrapping the expression in `bareline_commands::CommandId`
     |
3955 |                 if id == bareline_commands::CommandId("editor.indent")
     |                          +++++++++++++++++++++++++++++               +

For more information about this error, try `rustc --explain E0308`.
error: could not compile `bareline` (bin "bareline" test) due to 1 previous error
