{
  "status": "PASS",
  "installed_at_utc": "2026-09-16T18:29:01.5443861+00:00",
  "installer": "D:\\Notepad_REq\\Bareline_Product_Blueprint\\Bareline-Editor\\dist\\windows\\0.1.0-menu-tab-split-20260916\\bareline-0.1.0-windows-x64-setup.exe",
  "installer_sha256": "08108a2d2392814e317cb76def76544bb9d46f6fe0f1707cbaa881122fe83c99",
  "installer_exit_code": 0,
  "mode": "per-user unsigned preview",
  "installation_path": "C:\\Users\\Woovee\\AppData\\Local\\Programs\\Bareline",
  "shortcut": "C:\\Users\\Woovee\\AppData\\Roaming\\Microsoft\\Windows\\Start Menu\\Programs\\Bareline\\Bareline.lnk",
  "shortcut_target": "C:\\Users\\Woovee\\AppData\\Local\\Programs\\Bareline\\bareline.exe",
  "uninstall_command": "\"C:\\Users\\Woovee\\AppData\\Local\\Programs\\Bareline\\unins000.exe\"",
  "association_keys_unchanged": true,
  "files": [
    {
      "name": "bareline.exe",
      "sha256": "dba08ec176ef2f2f89b59c8eb23eb97bb149adc0b65cbd088306e5079bcb0d8d",
      "length": 10117120,
      "matches_payload": true
    },
    {
      "name": "bareline-update-helper.exe",
      "sha256": "5335c89d3aca9a29475e348e6e1c838e6e12136482b30424d35a2ffaaa3d9955",
      "length": 118784,
      "matches_payload": true
    },
    {
      "name": "LICENSE",
      "sha256": "3f3d9e0024b1921b067d6f7f88deb4a60cbe7a78e76c64e3f1d7fc3b779b9d04",
      "length": 16726,
      "matches_payload": true
    },
    {
      "name": "THIRD-PARTY-NOTICES.md",
      "sha256": "eae5e931265d66e3dc4c2eb6136524b4dfd3459e1e90414bfc56bac019811f8a",
      "length": 1051082,
      "matches_payload": true
    },
    {
      "name": "SBOM.json",
      "sha256": "543ee648ae5cc2eea12edd8149d095fcd02fb22e23eedd0a80c799733e961dd0",
      "length": 165455,
      "matches_payload": true
    }
  ],
  "log": "D:\\Notepad_REq\\Bareline_Product_Blueprint\\Bareline-Editor\\target\\qualification\\menu-tab-split-20260916\\installer.log"
}
